[16:46:24] INFO: Supervisor starting
[16:46:24] INFO: Starting agent commander
[16:46:31] INFO: Starting agent systems_engineer
[16:46:41] INFO: Starting agent lead_deliverer
[16:46:52] INFO: Starting agent solana_listener
[16:47:02] EVENT: Agents restarted: commander, systems_engineer, lead_deliverer, solana_listener
[16:48:02] INFO: Starting agent commander
[16:48:13] INFO: Starting agent systems_engineer
[16:48:24] INFO: Starting agent lead_deliverer
[16:48:34] INFO: Starting agent solana_listener
[16:48:44] EVENT: Agents restarted: commander, systems_engineer, lead_deliverer, solana_listener
[16:49:44] INFO: Starting agent commander
[16:49:54] INFO: Starting agent systems_engineer
[16:50:05] INFO: Starting agent lead_deliverer
[16:50:15] INFO: Starting agent solana_listener
[16:50:25] EVENT: Agents restarted: commander, systems_engineer, lead_deliverer, solana_listener
[16:51:25] INFO: Starting agent commander
[16:51:27] INFO: Starting agent systems_engineer
[16:51:37] INFO: Starting agent lead_deliverer
[16:51:47] INFO: Starting agent solana_listener
[16:51:57] EVENT: Agents restarted: commander, systems_engineer, lead_deliverer, solana_listener
[16:52:57] INFO: Starting agent commander
[16:52:59] INFO: Starting agent systems_engineer
[16:53:09] INFO: Starting agent lead_deliverer
[16:53:19] INFO: Starting agent solana_listener
[16:53:29] EVENT: Agents restarted: commander, systems_engineer, lead_deliverer, solana_listener
[16:54:29] INFO: Starting agent commander
[16:54:41] INFO: Starting agent systems_engineer
[16:54:51] INFO: Starting agent lead_deliverer
[16:55:01] INFO: Starting agent solana_listener
[16:55:11] EVENT: Agents restarted: commander, systems_engineer, lead_deliverer, solana_listener
[16:56:11] INFO: Starting agent commander
[16:56:13] INFO: Starting agent systems_engineer
[16:56:23] INFO: Starting agent lead_deliverer
[16:56:33] INFO: Starting agent solana_listener
[16:56:43] EVENT: Agents restarted: commander, systems_engineer, lead_deliverer, solana_listener
[16:57:43] INFO: Starting agent commander
[16:57:45] INFO: Starting agent systems_engineer
[16:57:55] INFO: Starting agent lead_deliverer
[16:58:05] INFO: Starting agent solana_listener
[16:58:15] EVENT: Agents restarted: commander, systems_engineer, lead_deliverer, solana_listener
[16:59:16] INFO: Starting agent commander
[16:59:17] INFO: Starting agent systems_engineer
[16:59:27] INFO: Starting agent lead_deliverer
[16:59:37] INFO: Starting agent solana_listener
[16:59:48] EVENT: Agents restarted: commander, systems_engineer, lead_deliverer, solana_listener
[17:00:48] INFO: Starting agent commander
[17:00:49] INFO: Starting agent systems_engineer
[17:00:59] INFO: Starting agent lead_deliverer
[17:01:10] INFO: Starting agent solana_listener
[17:01:20] EVENT: Agents restarted: commander, systems_engineer, lead_deliverer, solana_listener
[17:02:20] INFO: Starting agent commander
[17:02:31] INFO: Starting agent systems_engineer
[17:02:41] INFO: Starting agent lead_deliverer
[17:02:52] INFO: Starting agent solana_listener
[17:03:02] EVENT: Agents restarted: commander, systems_engineer, lead_deliverer, solana_listener
[17:04:02] INFO: Starting agent commander
[17:04:13] INFO: Starting agent systems_engineer
[17:04:23] INFO: Starting agent lead_deliverer
[17:04:34] INFO: Starting agent solana_listener
[17:04:44] EVENT: Agents restarted: commander, systems_engineer, lead_deliverer, solana_listener
[17:05:44] INFO: Starting agent commander
[17:05:45] INFO: Starting agent systems_engineer
[17:05:56] INFO: Starting agent lead_deliverer
[17:06:06] INFO: Starting agent solana_listener
[17:06:16] EVENT: Agents restarted: commander, systems_engineer, lead_deliverer, solana_listener
[17:07:16] INFO: Starting agent commander
[17:07:18] INFO: Starting agent systems_engineer
[17:07:28] INFO: Starting agent lead_deliverer
[17:07:38] INFO: Starting agent solana_listener
[17:07:48] EVENT: Agents restarted: commander, systems_engineer, lead_deliverer, solana_listener
[17:08:48] INFO: Starting agent commander
[17:08:50] INFO: Starting agent systems_engineer
[17:09:00] INFO: Starting agent lead_deliverer
[17:09:10] INFO: Starting agent solana_listener
[17:09:21] EVENT: Agents restarted: commander, systems_engineer, lead_deliverer, solana_listener
[17:10:21] INFO: Starting agent commander
[17:10:32] INFO: Starting agent systems_engineer
[17:10:42] INFO: Starting agent lead_deliverer
[17:10:52] INFO: Starting agent solana_listener
[17:11:03] EVENT: Agents restarted: commander, systems_engineer, lead_deliverer, solana_listener
[17:12:03] INFO: Starting agent commander
[17:12:04] INFO: Starting agent systems_engineer
[17:12:14] INFO: Starting agent lead_deliverer
[17:12:25] INFO: Starting agent solana_listener
[17:12:35] EVENT: Agents restarted: commander, systems_engineer, lead_deliverer, solana_listener
[17:13:35] INFO: Starting agent commander
[17:13:36] INFO: Starting agent systems_engineer
[17:13:46] INFO: Starting agent lead_deliverer
[17:13:57] INFO: Starting agent solana_listener
[17:14:07] EVENT: Agents restarted: commander, systems_engineer, lead_deliverer, solana_listener
[17:15:07] INFO: Starting agent commander
[17:15:08] INFO: Starting agent systems_engineer
[17:15:19] INFO: Starting agent lead_deliverer
[17:15:29] INFO: Starting agent solana_listener
[17:15:39] EVENT: Agents restarted: commander, systems_engineer, lead_deliverer, solana_listener
[17:16:39] INFO: Starting agent commander
[17:16:50] INFO: Starting agent systems_engineer
[17:17:01] INFO: Starting agent lead_deliverer
[17:17:11] INFO: Starting agent solana_listener
[17:17:21] EVENT: Agents restarted: commander, systems_engineer, lead_deliverer, solana_listener
[17:18:21] INFO: Starting agent commander
[17:18:32] INFO: Starting agent systems_engineer
[17:18:43] INFO: Starting agent lead_deliverer
[17:18:53] INFO: Starting agent solana_listener
[17:19:03] EVENT: Agents restarted: commander, systems_engineer, lead_deliverer, solana_listener
[17:20:03] INFO: Starting agent commander
[17:20:05] INFO: Starting agent systems_engineer
[17:20:15] INFO: Starting agent lead_deliverer
[17:20:25] INFO: Starting agent solana_listener
[17:20:35] EVENT: Agents restarted: commander, systems_engineer, lead_deliverer, solana_listener
[17:21:36] INFO: Starting agent commander
[17:21:47] INFO: Starting agent systems_engineer
[17:21:57] INFO: Starting agent lead_deliverer
[17:22:07] INFO: Starting agent solana_listener
[17:22:17] EVENT: Agents restarted: commander, systems_engineer, lead_deliverer, solana_listener
[17:23:17] INFO: Starting agent commander
[17:23:19] INFO: Starting agent systems_engineer
[17:23:29] INFO: Starting agent lead_deliverer
[17:23:39] INFO: Starting agent solana_listener
[17:23:50] EVENT: Agents restarted: commander, systems_engineer, lead_deliverer, solana_listener
[17:24:50] INFO: Starting agent commander
[17:24:51] INFO: Starting agent systems_engineer
[17:25:01] INFO: Starting agent lead_deliverer
[17:25:11] INFO: Starting agent solana_listener
[17:25:22] EVENT: Agents restarted: commander, systems_engineer, lead_deliverer, solana_listener
[17:26:22] INFO: Starting agent commander
[17:26:23] INFO: Starting agent systems_engineer
[17:26:33] INFO: Starting agent lead_deliverer
[17:26:44] INFO: Starting agent solana_listener
[17:26:54] EVENT: Agents restarted: commander, systems_engineer, lead_deliverer, solana_listener
[17:27:54] INFO: Starting agent commander
[17:28:05] INFO: Starting agent systems_engineer
[17:28:15] INFO: Starting agent lead_deliverer
[17:28:26] INFO: Starting agent solana_listener
[17:28:36] EVENT: Agents restarted: commander, systems_engineer, lead_deliverer, solana_listener
[17:29:36] INFO: Starting agent commander
[17:29:37] INFO: Starting agent systems_engineer
[17:29:47] INFO: Starting agent lead_deliverer
[17:29:57] INFO: Starting agent solana_listener
[17:30:08] EVENT: Agents restarted: commander, systems_engineer, lead_deliverer, solana_listener
[17:31:08] INFO: Starting agent commander
[17:31:09] INFO: Starting agent systems_engineer
[17:31:19] INFO: Starting agent lead_deliverer
[17:31:30] INFO: Starting agent solana_listener
[17:31:40] EVENT: Agents restarted: commander, systems_engineer, lead_deliverer, solana_listener
[17:32:40] INFO: Starting agent commander
[17:32:41] INFO: Starting agent systems_engineer
[17:32:52] INFO: Starting agent lead_deliverer
[17:33:02] INFO: Starting agent solana_listener
[17:33:12] EVENT: Agents restarted: commander, systems_engineer, lead_deliverer, solana_listener
[17:34:12] INFO: Starting agent commander
[17:34:23] INFO: Starting agent systems_engineer
[17:34:34] INFO: Starting agent lead_deliverer
[17:34:44] INFO: Starting agent solana_listener
[17:34:54] EVENT: Agents restarted: commander, systems_engineer, lead_deliverer, solana_listener
[17:35:54] INFO: Starting agent commander
[17:35:55] INFO: Starting agent systems_engineer
[17:36:06] INFO: Starting agent lead_deliverer
[17:36:16] INFO: Starting agent solana_listener
[17:36:26] EVENT: Agents restarted: commander, systems_engineer, lead_deliverer, solana_listener
[17:37:26] INFO: Starting agent commander
[17:37:28] INFO: Starting agent systems_engineer
[17:37:38] INFO: Starting agent lead_deliverer
[17:37:48] INFO: Starting agent solana_listener
[17:37:58] EVENT: Agents restarted: commander, systems_engineer, lead_deliverer, solana_listener
[17:38:58] INFO: Starting agent commander
[17:39:00] INFO: Starting agent systems_engineer
[17:39:10] INFO: Starting agent lead_deliverer
[17:39:20] INFO: Starting agent solana_listener
[17:39:30] EVENT: Agents restarted: commander, systems_engineer, lead_deliverer, solana_listener
[17:40:30] INFO: Starting agent commander
[17:40:42] INFO: Starting agent systems_engineer
[17:40:52] INFO: Starting agent lead_deliverer
[17:41:02] INFO: Starting agent solana_listener
[17:41:12] EVENT: Agents restarted: commander, systems_engineer, lead_deliverer, solana_listener
[17:42:12] INFO: Starting agent commander
[17:42:14] INFO: Starting agent systems_engineer
[17:42:24] INFO: Starting agent lead_deliverer
[17:42:34] INFO: Starting agent solana_listener
[17:42:44] EVENT: Agents restarted: commander, systems_engineer, lead_deliverer, solana_listener
[17:43:44] INFO: Starting agent commander
[17:43:46] INFO: Starting agent systems_engineer
[17:43:56] INFO: Starting agent lead_deliverer
[17:44:06] INFO: Starting agent solana_listener
[17:44:16] EVENT: Agents restarted: commander, systems_engineer, lead_deliverer, solana_listener
[17:45:16] INFO: Starting agent commander
[17:45:18] INFO: Starting agent systems_engineer
[17:45:28] INFO: Starting agent lead_deliverer
[17:45:38] INFO: Starting agent solana_listener
[17:45:49] EVENT: Agents restarted: commander, systems_engineer, lead_deliverer, solana_listener
[17:46:49] INFO: Starting agent commander
[17:46:50] INFO: Starting agent systems_engineer
[17:47:00] INFO: Starting agent lead_deliverer
[17:47:11] INFO: Starting agent solana_listener
[17:47:21] EVENT: Agents restarted: commander, systems_engineer, lead_deliverer, solana_listener
[17:48:21] INFO: Starting agent commander
[17:48:22] INFO: Starting agent systems_engineer
[17:48:33] INFO: Starting agent lead_deliverer
[17:48:43] INFO: Starting agent solana_listener
[17:48:53] EVENT: Agents restarted: commander, systems_engineer, lead_deliverer, solana_listener
[17:49:53] INFO: Starting agent commander
[17:50:04] INFO: Starting agent systems_engineer
[17:50:15] INFO: Starting agent lead_deliverer
[17:50:25] INFO: Starting agent solana_listener
[17:50:35] EVENT: Agents restarted: commander, systems_engineer, lead_deliverer, solana_listener
[17:51:35] INFO: Starting agent commander
[17:51:37] INFO: Starting agent systems_engineer
[17:51:47] INFO: Starting agent lead_deliverer
[17:51:57] INFO: Starting agent solana_listener
[17:52:07] EVENT: Agents restarted: commander, systems_engineer, lead_deliverer, solana_listener
[17:53:07] INFO: Starting agent commander
[17:53:09] INFO: Starting agent systems_engineer
[17:53:19] INFO: Starting agent lead_deliverer
[17:53:29] INFO: Starting agent solana_listener
[17:53:40] EVENT: Agents restarted: commander, systems_engineer, lead_deliverer, solana_listener
[17:54:40] INFO: Starting agent commander
[17:54:41] INFO: Starting agent systems_engineer
[17:54:51] INFO: Starting agent lead_deliverer
[17:55:02] INFO: Starting agent solana_listener
[17:55:12] EVENT: Agents restarted: commander, systems_engineer, lead_deliverer, solana_listener
[17:56:12] INFO: Starting agent commander
[17:56:13] INFO: Starting agent systems_engineer
[17:56:24] INFO: Starting agent lead_deliverer
[17:56:34] INFO: Starting agent solana_listener
[17:56:44] EVENT: Agents restarted: commander, systems_engineer, lead_deliverer, solana_listener
[17:57:44] INFO: Starting agent commander
[17:57:46] INFO: Starting agent systems_engineer
[17:57:56] INFO: Starting agent lead_deliverer
[17:58:06] INFO: Starting agent solana_listener
[17:58:16] EVENT: Agents restarted: commander, systems_engineer, lead_deliverer, solana_listener
[17:59:16] INFO: Starting agent commander
[17:59:18] INFO: Starting agent systems_engineer
[17:59:28] INFO: Starting agent lead_deliverer
[17:59:38] INFO: Starting agent solana_listener
[17:59:49] EVENT: Agents restarted: commander, systems_engineer, lead_deliverer, solana_listener
[18:00:49] INFO: Starting agent commander
[18:00:50] INFO: Starting agent systems_engineer
[18:01:00] INFO: Starting agent lead_deliverer
[18:01:11] INFO: Starting agent solana_listener
[18:01:21] EVENT: Agents restarted: commander, systems_engineer, lead_deliverer, solana_listener
[18:02:21] INFO: Starting agent commander
[18:02:22] INFO: Starting agent systems_engineer
[18:02:33] INFO: Starting agent lead_deliverer
[18:02:43] INFO: Starting agent solana_listener
[18:02:53] EVENT: Agents restarted: commander, systems_engineer, lead_deliverer, solana_listener
[18:03:53] INFO: Starting agent commander
[18:03:55] INFO: Starting agent systems_engineer
[18:04:05] INFO: Starting agent lead_deliverer
[18:04:15] INFO: Starting agent solana_listener
[18:04:25] EVENT: Agents restarted: commander, systems_engineer, lead_deliverer, solana_listener
[18:05:25] INFO: Starting agent commander
[18:05:27] INFO: Starting agent systems_engineer
[18:05:37] INFO: Starting agent lead_deliverer
[18:05:47] INFO: Starting agent solana_listener
[18:05:58] EVENT: Agents restarted: commander, systems_engineer, lead_deliverer, solana_listener
[18:06:58] INFO: Starting agent commander
[18:06:59] INFO: Starting agent systems_engineer
[18:07:09] INFO: Starting agent lead_deliverer
[18:07:20] INFO: Starting agent solana_listener
[18:07:30] EVENT: Agents restarted: commander, systems_engineer, lead_deliverer, solana_listener
[18:08:30] INFO: Starting agent commander
[18:08:41] INFO: Starting agent systems_engineer
[18:08:51] INFO: Starting agent lead_deliverer
[18:09:01] INFO: Starting agent solana_listener
[18:09:12] EVENT: Agents restarted: commander, systems_engineer, lead_deliverer, solana_listener
[18:10:12] INFO: Starting agent systems_engineer
[18:10:13] INFO: Starting agent lead_deliverer
[18:10:23] INFO: Starting agent solana_listener
[18:10:33] EVENT: Agents restarted: systems_engineer, lead_deliverer, solana_listener
[18:11:33] INFO: Starting agent commander
[18:11:35] INFO: Starting agent systems_engineer
[18:11:45] INFO: Starting agent lead_deliverer
[18:11:55] INFO: Starting agent solana_listener
[18:12:05] EVENT: Agents restarted: commander, systems_engineer, lead_deliverer, solana_listener
[18:13:05] INFO: Starting agent commander
[18:13:07] INFO: Starting agent systems_engineer
[18:13:17] INFO: Starting agent lead_deliverer
[18:13:28] INFO: Starting agent solana_listener
[18:13:38] EVENT: Agents restarted: commander, systems_engineer, lead_deliverer, solana_listener
[18:14:38] INFO: Starting agent commander
[18:14:49] INFO: Starting agent systems_engineer
[18:14:59] INFO: Starting agent lead_deliverer
[18:15:09] INFO: Starting agent solana_listener
[18:15:20] EVENT: Agents restarted: commander, systems_engineer, lead_deliverer, solana_listener
[18:16:20] INFO: Starting agent commander
[18:16:21] INFO: Starting agent systems_engineer
[18:16:31] INFO: Starting agent lead_deliverer
[18:16:42] INFO: Starting agent solana_listener
[18:16:52] EVENT: Agents restarted: commander, systems_engineer, lead_deliverer, solana_listener
[18:17:52] INFO: Starting agent commander
[18:17:53] INFO: Starting agent systems_engineer
[18:18:04] INFO: Starting agent lead_deliverer
[18:18:14] INFO: Starting agent solana_listener
[18:18:24] EVENT: Agents restarted: commander, systems_engineer, lead_deliverer, solana_listener
[18:19:24] INFO: Starting agent commander
[18:19:26] INFO: Starting agent systems_engineer
[18:19:36] INFO: Starting agent lead_deliverer
[18:19:46] INFO: Starting agent solana_listener
[18:19:56] EVENT: Agents restarted: commander, systems_engineer, lead_deliverer, solana_listener
[18:20:56] INFO: Starting agent commander
[18:20:58] INFO: Starting agent systems_engineer
[18:21:08] INFO: Starting agent lead_deliverer
[18:21:18] INFO: Starting agent solana_listener
[18:21:29] EVENT: Agents restarted: commander, systems_engineer, lead_deliverer, solana_listener
[18:22:29] INFO: Starting agent commander
[18:22:30] INFO: Starting agent systems_engineer
[18:22:40] INFO: Starting agent lead_deliverer
[18:22:51] INFO: Starting agent solana_listener
[18:23:01] EVENT: Agents restarted: commander, systems_engineer, lead_deliverer, solana_listener
[18:24:01] INFO: Starting agent commander
[18:24:02] INFO: Starting agent systems_engineer
[18:24:13] INFO: Starting agent lead_deliverer
[18:24:23] INFO: Starting agent solana_listener
[18:24:33] EVENT: Agents restarted: commander, systems_engineer, lead_deliverer, solana_listener
[18:25:33] INFO: Starting agent commander
[18:25:35] INFO: Starting agent systems_engineer
[18:25:45] INFO: Starting agent lead_deliverer
[18:25:55] INFO: Starting agent solana_listener
[18:26:05] EVENT: Agents restarted: commander, systems_engineer, lead_deliverer, solana_listener
[18:27:05] INFO: Starting agent commander
[18:27:07] INFO: Starting agent systems_engineer
[18:27:17] INFO: Starting agent lead_deliverer
[18:27:27] INFO: Starting agent solana_listener
[18:27:38] EVENT: Agents restarted: commander, systems_engineer, lead_deliverer, solana_listener
[18:28:38] INFO: Starting agent commander
[18:28:39] INFO: Starting agent systems_engineer
[18:28:49] INFO: Starting agent lead_deliverer
[18:29:00] INFO: Starting agent solana_listener
[18:29:10] EVENT: Agents restarted: commander, systems_engineer, lead_deliverer, solana_listener
[18:30:10] INFO: Starting agent commander
[18:30:11] INFO: Starting agent systems_engineer
[18:30:21] INFO: Starting agent lead_deliverer
[18:30:32] INFO: Starting agent solana_listener
[18:30:42] EVENT: Agents restarted: commander, systems_engineer, lead_deliverer, solana_listener
[18:31:42] INFO: Starting agent commander
[18:31:43] INFO: Starting agent systems_engineer
[18:31:54] INFO: Starting agent lead_deliverer
[18:32:04] INFO: Starting agent solana_listener
[18:32:14] EVENT: Agents restarted: commander, systems_engineer, lead_deliverer, solana_listener
[18:33:14] INFO: Starting agent commander
[18:33:16] INFO: Starting agent systems_engineer
[18:33:26] INFO: Starting agent lead_deliverer
[18:33:36] INFO: Starting agent solana_listener
[18:33:46] EVENT: Agents restarted: commander, systems_engineer, lead_deliverer, solana_listener
[18:34:46] INFO: Starting agent commander
[18:34:48] INFO: Starting agent systems_engineer
[18:34:58] INFO: Starting agent lead_deliverer
[18:35:08] INFO: Starting agent solana_listener
[18:35:19] EVENT: Agents restarted: commander, systems_engineer, lead_deliverer, solana_listener
[18:36:19] INFO: Starting agent commander
[18:36:20] INFO: Starting agent systems_engineer
[18:36:30] INFO: Starting agent lead_deliverer
[18:36:41] INFO: Starting agent solana_listener
[18:36:51] EVENT: Agents restarted: commander, systems_engineer, lead_deliverer, solana_listener
[18:37:51] INFO: Starting agent commander
[18:37:52] INFO: Starting agent systems_engineer
[18:38:02] INFO: Starting agent lead_deliverer
[18:38:13] INFO: Starting agent solana_listener
[18:38:23] EVENT: Agents restarted: commander, systems_engineer, lead_deliverer, solana_listener
[18:39:23] INFO: Starting agent commander
[18:39:24] INFO: Starting agent systems_engineer
[18:39:35] INFO: Starting agent lead_deliverer
[18:39:45] INFO: Starting agent solana_listener
[18:39:55] EVENT: Agents restarted: commander, systems_engineer, lead_deliverer, solana_listener
[18:40:55] INFO: Starting agent commander
[18:40:57] INFO: Starting agent systems_engineer
[18:41:07] INFO: Starting agent lead_deliverer
[18:41:17] INFO: Starting agent solana_listener
[18:41:27] EVENT: Agents restarted: commander, systems_engineer, lead_deliverer, solana_listener
[18:42:27] INFO: Starting agent commander
[18:42:39] INFO: Starting agent systems_engineer
[18:42:49] INFO: Starting agent lead_deliverer
[18:42:59] INFO: Starting agent solana_listener
[18:43:09] EVENT: Agents restarted: commander, systems_engineer, lead_deliverer, solana_listener
[18:44:09] INFO: Starting agent commander
[18:44:11] INFO: Starting agent systems_engineer
[18:44:21] INFO: Starting agent lead_deliverer
[18:44:31] INFO: Starting agent solana_listener
[18:44:41] EVENT: Agents restarted: commander, systems_engineer, lead_deliverer, solana_listener
[18:45:41] INFO: Starting agent commander
[18:45:43] INFO: Starting agent systems_engineer
[18:45:53] INFO: Starting agent lead_deliverer
[18:46:03] INFO: Starting agent solana_listener
[18:46:14] EVENT: Agents restarted: commander, systems_engineer, lead_deliverer, solana_listener
[18:47:14] INFO: Starting agent commander
[18:47:25] INFO: Starting agent systems_engineer
[18:47:35] INFO: Starting agent lead_deliverer
[18:47:45] INFO: Starting agent solana_listener
[18:47:56] EVENT: Agents restarted: commander, systems_engineer, lead_deliverer, solana_listener
[18:48:56] INFO: Starting agent commander
[18:48:57] INFO: Starting agent systems_engineer
[18:49:07] INFO: Starting agent lead_deliverer
[18:49:18] INFO: Starting agent solana_listener
[18:49:28] EVENT: Agents restarted: commander, systems_engineer, lead_deliverer, solana_listener
[18:50:28] INFO: Starting agent commander
[18:50:39] INFO: Starting agent systems_engineer
[18:50:49] INFO: Starting agent lead_deliverer
[18:50:59] INFO: Starting agent solana_listener
[18:51:10] EVENT: Agents restarted: commander, systems_engineer, lead_deliverer, solana_listener
[18:52:10] INFO: Starting agent commander
[18:52:11] INFO: Starting agent systems_engineer
[18:52:21] INFO: Starting agent lead_deliverer
[18:52:32] INFO: Starting agent solana_listener
[18:52:42] EVENT: Agents restarted: commander, systems_engineer, lead_deliverer, solana_listener
[18:53:42] INFO: Starting agent commander
[18:53:43] INFO: Starting agent systems_engineer
[18:53:54] INFO: Starting agent lead_deliverer
[18:54:04] INFO: Starting agent solana_listener
[18:54:14] EVENT: Agents restarted: commander, systems_engineer, lead_deliverer, solana_listener
[18:55:14] INFO: Starting agent commander
[18:55:16] INFO: Starting agent systems_engineer
[18:56:58] INFO: Starting agent lead_deliverer
[18:57:09] INFO: Starting agent solana_listener
[18:57:19] EVENT: Agents restarted: commander, systems_engineer, lead_deliverer, solana_listener
[18:58:19] INFO: Starting agent commander
[18:58:21] INFO: Starting agent systems_engineer
[18:58:31] INFO: Starting agent lead_deliverer
[18:58:41] INFO: Starting agent solana_listener
[18:58:51] EVENT: Agents restarted: commander, systems_engineer, lead_deliverer, solana_listener
[18:59:51] INFO: Starting agent commander
[18:59:53] INFO: Starting agent systems_engineer
[19:00:03] INFO: Starting agent lead_deliverer
[19:00:13] INFO: Starting agent solana_listener
[19:00:24] EVENT: Agents restarted: commander, systems_engineer, lead_deliverer, solana_listener
[19:01:24] INFO: Starting agent commander
[19:01:25] INFO: Starting agent systems_engineer
[19:01:35] INFO: Starting agent lead_deliverer
[19:01:46] INFO: Starting agent solana_listener
[19:01:56] EVENT: Agents restarted: commander, systems_engineer, lead_deliverer, solana_listener
[19:02:56] INFO: Starting agent lead_deliverer
[19:03:07] INFO: Starting agent solana_listener
[19:03:17] EVENT: Agents restarted: lead_deliverer, solana_listener
[19:04:17] INFO: Starting agent commander
[19:04:19] INFO: Starting agent systems_engineer
[19:04:29] INFO: Starting agent lead_deliverer
[19:04:39] INFO: Starting agent solana_listener
[19:04:50] EVENT: Agents restarted: commander, systems_engineer, lead_deliverer, solana_listener
[19:05:50] INFO: Starting agent commander
[19:05:51] INFO: Starting agent systems_engineer
[19:06:02] INFO: Starting agent lead_deliverer
[19:06:12] INFO: Starting agent solana_listener
[19:06:22] EVENT: Agents restarted: commander, systems_engineer, lead_deliverer, solana_listener
[19:07:22] INFO: Starting agent commander
[19:07:23] INFO: Starting agent systems_engineer
[19:07:34] INFO: Starting agent lead_deliverer
[19:07:44] INFO: Starting agent solana_listener
[19:07:54] EVENT: Agents restarted: commander, systems_engineer, lead_deliverer, solana_listener
[19:08:54] INFO: Starting agent commander
[19:08:56] INFO: Starting agent systems_engineer
[19:09:06] INFO: Starting agent lead_deliverer
[19:09:16] INFO: Starting agent solana_listener
[19:09:27] EVENT: Agents restarted: commander, systems_engineer, lead_deliverer, solana_listener
[19:10:27] INFO: Starting agent commander
[19:10:28] INFO: Starting agent systems_engineer
[19:10:38] INFO: Starting agent lead_deliverer
[19:10:49] INFO: Starting agent solana_listener
[19:10:59] EVENT: Agents restarted: commander, systems_engineer, lead_deliverer, solana_listener
[19:11:59] INFO: Starting agent commander
[19:12:10] INFO: Starting agent systems_engineer
[19:12:20] INFO: Starting agent lead_deliverer
[19:12:31] INFO: Starting agent solana_listener
[19:12:41] EVENT: Agents restarted: commander, systems_engineer, lead_deliverer, solana_listener
[19:13:41] INFO: Starting agent commander
[19:13:42] INFO: Starting agent systems_engineer
[19:13:53] INFO: Starting agent lead_deliverer
[19:14:03] INFO: Starting agent solana_listener
[19:14:13] EVENT: Agents restarted: commander, systems_engineer, lead_deliverer, solana_listener
[19:15:13] INFO: Starting agent commander
[19:15:24] INFO: Starting agent systems_engineer
[19:15:35] INFO: Starting agent lead_deliverer
[19:15:45] INFO: Starting agent solana_listener
[19:15:55] EVENT: Agents restarted: commander, systems_engineer, lead_deliverer, solana_listener
[19:16:55] INFO: Starting agent commander
[19:16:57] INFO: Starting agent systems_engineer
[19:17:07] INFO: Starting agent lead_deliverer
[19:17:17] INFO: Starting agent solana_listener
[19:17:27] EVENT: Agents restarted: commander, systems_engineer, lead_deliverer, solana_listener
[19:18:27] INFO: Starting agent commander
[19:18:29] INFO: Starting agent systems_engineer
[19:18:39] INFO: Starting agent lead_deliverer
[19:18:49] INFO: Starting agent solana_listener
[19:18:59] EVENT: Agents restarted: commander, systems_engineer, lead_deliverer, solana_listener
[19:19:59] INFO: Starting agent commander
[19:20:10] INFO: Starting agent systems_engineer
[19:20:21] INFO: Starting agent lead_deliverer
[19:20:31] INFO: Starting agent solana_listener
[19:20:42] EVENT: Agents restarted: commander, systems_engineer, lead_deliverer, solana_listener
[19:21:42] INFO: Starting agent commander
[19:21:52] INFO: Starting agent systems_engineer
[19:22:03] INFO: Starting agent lead_deliverer
[19:22:13] INFO: Starting agent solana_listener
[19:22:24] EVENT: Agents restarted: commander, systems_engineer, lead_deliverer, solana_listener
[19:23:24] INFO: Starting agent commander
[19:23:35] INFO: Starting agent systems_engineer
[19:23:45] INFO: Starting agent lead_deliverer
[19:23:55] INFO: Starting agent solana_listener
[19:24:05] EVENT: Agents restarted: commander, systems_engineer, lead_deliverer, solana_listener
[19:25:05] INFO: Starting agent commander
[19:25:07] INFO: Starting agent systems_engineer
[19:25:17] INFO: Starting agent lead_deliverer
[19:25:27] INFO: Starting agent solana_listener
[19:25:37] EVENT: Agents restarted: commander, systems_engineer, lead_deliverer, solana_listener
[19:26:37] INFO: Starting agent commander
[19:26:49] INFO: Starting agent systems_engineer
[19:26:59] INFO: Starting agent lead_deliverer
[19:27:09] INFO: Starting agent solana_listener
[19:27:19] EVENT: Agents restarted: commander, systems_engineer, lead_deliverer, solana_listener
[19:28:19] INFO: Starting agent commander
[19:28:31] INFO: Starting agent systems_engineer
[19:28:41] INFO: Starting agent lead_deliverer
[19:28:51] INFO: Starting agent solana_listener
[19:29:01] EVENT: Agents restarted: commander, systems_engineer, lead_deliverer, solana_listener
[19:30:02] INFO: Starting agent commander
[19:30:13] INFO: Starting agent systems_engineer
[19:30:23] INFO: Starting agent lead_deliverer
[19:30:33] INFO: Starting agent solana_listener
[19:30:44] EVENT: Agents restarted: commander, systems_engineer, lead_deliverer, solana_listener
[19:31:44] INFO: Starting agent commander
[19:31:55] INFO: Starting agent systems_engineer
[19:32:05] INFO: Starting agent lead_deliverer
[19:32:15] INFO: Starting agent solana_listener
[19:32:26] EVENT: Agents restarted: commander, systems_engineer, lead_deliverer, solana_listener
[19:33:26] INFO: Starting agent commander
[19:33:37] INFO: Starting agent systems_engineer
[19:33:47] INFO: Starting agent lead_deliverer
[19:33:57] INFO: Starting agent solana_listener
[19:34:07] EVENT: Agents restarted: commander, systems_engineer, lead_deliverer, solana_listener
[19:35:07] INFO: Starting agent commander
[19:35:09] INFO: Starting agent systems_engineer
[19:35:19] INFO: Starting agent lead_deliverer
[19:35:29] INFO: Starting agent solana_listener
[19:35:40] EVENT: Agents restarted: commander, systems_engineer, lead_deliverer, solana_listener
[19:36:40] INFO: Starting agent commander
[19:36:41] INFO: Starting agent systems_engineer
[19:36:51] INFO: Starting agent lead_deliverer
[19:37:02] INFO: Starting agent solana_listener
[19:37:12] EVENT: Agents restarted: commander, systems_engineer, lead_deliverer, solana_listener
[19:38:12] INFO: Starting agent commander
[19:38:23] INFO: Starting agent systems_engineer
[19:38:33] INFO: Starting agent lead_deliverer
[19:38:43] INFO: Starting agent solana_listener
[19:38:54] EVENT: Agents restarted: commander, systems_engineer, lead_deliverer, solana_listener
[19:39:54] INFO: Starting agent commander
[19:40:05] INFO: Starting agent systems_engineer
[19:40:15] INFO: Starting agent lead_deliverer
[19:40:26] INFO: Starting agent solana_listener
[19:40:36] EVENT: Agents restarted: commander, systems_engineer, lead_deliverer, solana_listener
[19:41:36] INFO: Starting agent commander
[19:41:47] INFO: Starting agent systems_engineer
[19:41:57] INFO: Starting agent lead_deliverer
[19:42:07] INFO: Starting agent solana_listener
[19:42:18] EVENT: Agents restarted: commander, systems_engineer, lead_deliverer, solana_listener
[19:43:18] INFO: Starting agent commander
[19:43:29] INFO: Starting agent systems_engineer
[19:43:39] INFO: Starting agent lead_deliverer
[19:43:49] INFO: Starting agent solana_listener
[19:44:00] EVENT: Agents restarted: commander, systems_engineer, lead_deliverer, solana_listener
[19:45:00] INFO: Starting agent lead_deliverer
[19:45:11] INFO: Starting agent solana_listener
[19:45:21] EVENT: Agents restarted: lead_deliverer, solana_listener
[19:46:21] INFO: Starting agent commander
[19:46:32] INFO: Starting agent systems_engineer
[19:46:43] INFO: Starting agent lead_deliverer
[19:46:53] INFO: Starting agent solana_listener
[19:47:03] EVENT: Agents restarted: commander, systems_engineer, lead_deliverer, solana_listener
[19:48:03] INFO: Starting agent commander
[19:48:14] INFO: Starting agent systems_engineer
[19:48:25] INFO: Starting agent lead_deliverer
[19:48:35] INFO: Starting agent solana_listener
[19:48:45] EVENT: Agents restarted: commander, systems_engineer, lead_deliverer, solana_listener
[19:49:45] INFO: Starting agent commander
[19:49:56] INFO: Starting agent systems_engineer
[19:50:07] INFO: Starting agent lead_deliverer
[19:50:17] INFO: Starting agent solana_listener
[19:50:27] EVENT: Agents restarted: commander, systems_engineer, lead_deliverer, solana_listener
[19:51:27] INFO: Starting agent commander
[19:51:29] INFO: Starting agent systems_engineer
[19:51:39] INFO: Starting agent lead_deliverer
[19:51:49] INFO: Starting agent solana_listener
[19:51:59] EVENT: Agents restarted: commander, systems_engineer, lead_deliverer, solana_listener
[19:53:00] INFO: Starting agent commander